main.c:64:6:recvString	8	static
main.c:69:6:send_rs485	8	static
main.c:74:6:sendQuery	16	static
main.c:81:6:sendData	16	static
main.c:88:6:modbus_write_multiple_coils	296	static
main.c:115:6:functionREADcoils	24	static
main.c:128:6:functionREADinputstatus_register	24	static
main.c:141:6:functionREADholding_register	24	static
main.c:154:6:functionREADinput_register	24	static
main.c:168:6:functionWRITEholding_register	56	dynamic
main.c:217:5:main	8	static
main.c:266:6:SystemClock_Config	72	static
main.c:305:13:MX_USART2_UART_Init	8	static
main.c:338:13:MX_USART3_UART_Init	8	static
main.c:371:13:MX_GPIO_Init	40	static
main.c:394:6:HAL_UARTEx_RxEventCallback	40	static
main.c:451:6:UPDATEUSART3	8	static
main.c:525:6:HAL_UART_ErrorCallback	24	static
main.c:554:1:__io_putchar	16	static
main.c:568:6:Error_Handler	4	static,ignoring_inline_asm
